[    0.000000] Linux version 4.15.0-76-generic (buildd@lcy01-amd64-029) (gcc version 7.4.0 (Ubuntu 7.4.0-1ubuntu1~18.04.1)) #86-Ubuntu SMP Fri Jan 17 17:24:28 UTC 2020 (Ubuntu 4.15.0-76.86-generic 4.15.18)
[    0.000000] Command line: BOOT_IMAGE=/boot/vmlinuz-4.15.0-76-generic root=LABEL=cloudimg-rootfs ro console=tty1 console=ttyS0
[    0.000000] KERNEL supported cpus:
[    0.000000]   Intel GenuineIntel
[    0.000000]   AMD AuthenticAMD
[    0.000000]   Centaur CentaurHauls
[    0.000000] x86/fpu: Supporting XSAVE feature 0x001: 'x87 floating point registers'
[    0.000000] x86/fpu: Supporting XSAVE feature 0x002: 'SSE registers'
[    0.000000] x86/fpu: Supporting XSAVE feature 0x004: 'AVX registers'
[    0.000000] x86/fpu: xstate_offset[2]:  576, xstate_sizes[2]:  256
[    0.000000] x86/fpu: Enabled xstate features 0x7, context size is 832 bytes, using 'standard' format.
[    0.000000] e820: BIOS-provided physical RAM map:
[    0.000000] BIOS-e820: [mem 0x0000000000000000-0x000000000009fbff] usable
[    0.000000] BIOS-e820: [mem 0x000000000009fc00-0x000000000009ffff] reserved
[    0.000000] BIOS-e820: [mem 0x00000000000f0000-0x00000000000fffff] reserved
[    0.000000] BIOS-e820: [mem 0x0000000000100000-0x000000003ffeffff] usable
[    0.000000] BIOS-e820: [mem 0x000000003fff0000-0x000000003fffffff] ACPI data
[    0.000000] BIOS-e820: [mem 0x00000000fec00000-0x00000000fec00fff] reserved
[    0.000000] BIOS-e820: [mem 0x00000000fee00000-0x00000000fee00fff] reserved
[    0.000000] BIOS-e820: [mem 0x00000000fffc0000-0x00000000ffffffff] reserved
[    0.000000] NX (Execute Disable) protection: active
[    0.000000] SMBIOS 2.5 present.
[    0.000000] DMI: innotek GmbH VirtualBox/VirtualBox, BIOS VirtualBox 12/01/2006
[    0.000000] Hypervisor detected: KVM
[    0.000000] e820: last_pfn = 0x3fff0 max_arch_pfn = 0x400000000
[    0.000000] MTRR: Disabled
[    0.000000] x86/PAT: MTRRs disabled, skipping PAT initialization too.
[    0.000000] CPU MTRRs all blank - virtualized system.
[    0.000000] x86/PAT: Configuration [0-7]: WB  WT  UC- UC  WB  WT  UC- UC  
[    0.000000] found SMP MP-table at [mem 0x0009fff0-0x0009ffff]
[    0.000000] Scanning 1 areas for low memory corruption
[    0.000000] RAMDISK: [mem 0x3595b000-0x36ca4fff]
[    0.000000] ACPI: Early table checksum verification disabled
[    0.000000] ACPI: RSDP 0x00000000000E0000 000024 (v02 VBOX  )
[    0.000000] ACPI: XSDT 0x000000003FFF0030 00003C (v01 VBOX   VBOXXSDT 00000001 ASL  00000061)
[    0.000000] ACPI: FACP 0x000000003FFF00F0 0000F4 (v04 VBOX   VBOXFACP 00000001 ASL  00000061)
[    0.000000] ACPI: DSDT 0x000000003FFF0470 0022EA (v02 VBOX   VBOXBIOS 00000002 INTL 20100528)
[    0.000000] ACPI: FACS 0x000000003FFF0200 000040
[    0.000000] ACPI: FACS 0x000000003FFF0200 000040
[    0.000000] ACPI: APIC 0x000000003FFF0240 00005C (v02 VBOX   VBOXAPIC 00000001 ASL  00000061)
[    0.000000] ACPI: SSDT 0x000000003FFF02A0 0001CC (v01 VBOX   VBOXCPUT 00000002 INTL 20100528)
[    0.000000] No NUMA configuration found
[    0.000000] Faking a node at [mem 0x0000000000000000-0x000000003ffeffff]
[    0.000000] NODE_DATA(0) allocated [mem 0x3ffc5000-0x3ffeffff]
[    0.000000] kvm-clock: cpu 0, msr 0:3ff44001, primary cpu clock
[    0.000000] kvm-clock: Using msrs 4b564d01 and 4b564d00
[    0.000000] kvm-clock: using sched offset of 3561726648 cycles
[    0.000000] clocksource: kvm-clock: mask: 0xffffffffffffffff max_cycles: 0x1cd42e4dffb, max_idle_ns: 881590591483 ns
[    0.000000] Zone ranges:
[    0.000000]   DMA      [mem 0x0000000000001000-0x0000000000ffffff]
[    0.000000]   DMA32    [mem 0x0000000001000000-0x000000003ffeffff]
[    0.000000]   Normal   empty
[    0.000000]   Device   empty
[    0.000000] Movable zone start for each node
[    0.000000] Early memory node ranges
[    0.000000]   node   0: [mem 0x0000000000001000-0x000000000009efff]
[    0.000000]   node   0: [mem 0x0000000000100000-0x000000003ffeffff]
[    0.000000] Reserved but unavailable: 98 pages
[    0.000000] Initmem setup node 0 [mem 0x0000000000001000-0x000000003ffeffff]
[    0.000000] ACPI: PM-Timer IO Port: 0x4008
[    0.000000] IOAPIC[0]: apic_id 2, version 32, address 0xfec00000, GSI 0-23
[    0.000000] ACPI: INT_SRC_OVR (bus 0 bus_irq 0 global_irq 2 dfl dfl)
[    0.000000] ACPI: INT_SRC_OVR (bus 0 bus_irq 9 global_irq 9 low level)
[    0.000000] Using ACPI (MADT) for SMP configuration information
[    0.000000] smpboot: Allowing 2 CPUs, 0 hotplug CPUs
[    0.000000] PM: Registered nosave memory: [mem 0x00000000-0x00000fff]
[    0.000000] PM: Registered nosave memory: [mem 0x0009f000-0x0009ffff]
[    0.000000] PM: Registered nosave memory: [mem 0x000a0000-0x000effff]
[    0.000000] PM: Registered nosave memory: [mem 0x000f0000-0x000fffff]
[    0.000000] e820: [mem 0x40000000-0xfebfffff] available for PCI devices
[    0.000000] Booting paravirtualized kernel on KVM
[    0.000000] clocksource: refined-jiffies: mask: 0xffffffff max_cycles: 0xffffffff, max_idle_ns: 7645519600211568 ns
[    0.000000] random: get_random_bytes called from start_kernel+0x99/0x4fd with crng_init=0
[    0.000000] setup_percpu: NR_CPUS:8192 nr_cpumask_bits:2 nr_cpu_ids:2 nr_node_ids:1
[    0.000000] percpu: Embedded 45 pages/cpu s147456 r8192 d28672 u1048576
[    0.000000] PV qspinlock hash table entries: 256 (order: 0, 4096 bytes)
[    0.000000] Built 1 zonelists, mobility grouping on.  Total pages: 257913
[    0.000000] Policy zone: DMA32
[    0.000000] Kernel command line: BOOT_IMAGE=/boot/vmlinuz-4.15.0-76-generic root=LABEL=cloudimg-rootfs ro console=tty1 console=ttyS0
[    0.000000] Memory: 982528K/1048120K available (12300K kernel code, 2481K rwdata, 4260K rodata, 2428K init, 2704K bss, 65592K reserved, 0K cma-reserved)
[    0.000000] SLUB: HWalign=64, Order=0-3, MinObjects=0, CPUs=2, Nodes=1
[    0.000000] Kernel/User page tables isolation: enabled
[    0.000000] ftrace: allocating 39322 entries in 154 pages
[    0.004000] Hierarchical RCU implementation.
[    0.004000] 	RCU restricting CPUs from NR_CPUS=8192 to nr_cpu_ids=2.
[    0.004000] 	Tasks RCU enabled.
[    0.004000] RCU: Adjusting geometry for rcu_fanout_leaf=16, nr_cpu_ids=2
[    0.004000] NR_IRQS: 524544, nr_irqs: 440, preallocated irqs: 16
[    0.004000] Console: colour VGA+ 80x25
[    0.004000] console [tty1] enabled
[    0.004000] console [ttyS0] enabled
[    0.004000] ACPI: Core revision 20170831
[    0.004000] ACPI: 2 ACPI AML tables successfully acquired and loaded
[    0.004000] APIC: Switch to symmetric I/O mode setup
[    0.004000] x2apic enabled
[    0.004000] Switched APIC routing to physical x2apic.
[    0.004000] ..TIMER: vector=0x30 apic1=0 pin1=2 apic2=-1 pin2=-1
[    0.004000] tsc: Detected 2591.998 MHz processor
[    0.004007] Calibrating delay loop (skipped) preset value.. 5183.99 BogoMIPS (lpj=10367992)
[    0.005258] pid_max: default: 32768 minimum: 301
[    0.006005] Security Framework initialized
[    0.006664] Yama: becoming mindful.
[    0.007217] AppArmor: AppArmor initialized
[    0.009009] Dentry cache hash table entries: 131072 (order: 8, 1048576 bytes)
[    0.010084] Inode-cache hash table entries: 65536 (order: 7, 524288 bytes)
[    0.011093] Mount-cache hash table entries: 2048 (order: 2, 16384 bytes)
[    0.012003] Mountpoint-cache hash table entries: 2048 (order: 2, 16384 bytes)
[    0.013216] Last level iTLB entries: 4KB 64, 2MB 8, 4MB 8
[    0.014026] Last level dTLB entries: 4KB 64, 2MB 0, 4MB 0, 1GB 4
[    0.014915] Spectre V1 : Mitigation: usercopy/swapgs barriers and __user pointer sanitization
[    0.016002] Spectre V2 : Mitigation: Full generic retpoline
[    0.016829] Spectre V2 : Spectre v2 / SpectreRSB mitigation: Filling RSB on context switch
[    0.018050] Speculative Store Bypass: Vulnerable
[    0.018776] MDS: Mitigation: Clear CPU buffers
[    0.020118] Freeing SMP alternatives memory: 36K
[    0.130119] smpboot: CPU0: Intel(R) Core(TM) i7-9750H CPU @ 2.60GHz (family: 0x6, model: 0x9e, stepping: 0xa)
[    0.132000] Performance Events: unsupported p6 CPU model 158 no PMU driver, software events only.
[    0.132022] Hierarchical SRCU implementation.
[    0.133147] NMI watchdog: Perf event create on CPU 0 failed with -2
[    0.134120] NMI watchdog: Perf NMI watchdog permanently disabled
[    0.135076] smp: Bringing up secondary CPUs ...
[    0.136062] x86: Booting SMP configuration:
[    0.136731] .... node  #0, CPUs:      #1
[    0.004000] kvm-clock: cpu 1, msr 0:3ff44041, secondary cpu clock
[    0.140013] smp: Brought up 1 node, 2 CPUs
[    0.140687] smpboot: Max logical packages: 1
[    0.141357] smpboot: Total of 2 processors activated (10367.99 BogoMIPS)
[    0.142441] devtmpfs: initialized
[    0.144038] x86/mm: Memory block size: 128MB
[    0.145043] evm: security.selinux
[    0.145570] evm: security.SMACK64
[    0.146327] evm: security.SMACK64EXEC
[    0.147027] evm: security.SMACK64TRANSMUTE
[    0.147670] evm: security.SMACK64MMAP
[    0.148001] evm: security.apparmor
[    0.148564] evm: security.ima
[    0.149050] evm: security.capability
[    0.149641] clocksource: jiffies: mask: 0xffffffff max_cycles: 0xffffffff, max_idle_ns: 7645041785100000 ns
[    0.149641] futex hash table entries: 512 (order: 3, 32768 bytes)
[    0.153033] pinctrl core: initialized pinctrl subsystem
[    0.153908] RTC time: 11:04:54, date: 03/01/20
[    0.154696] NET: Registered protocol family 16
[    0.156052] audit: initializing netlink subsys (disabled)
[    0.156912] audit: type=2000 audit(1583060699.590:1): state=initialized audit_enabled=0 res=1
[    0.157625] cpuidle: using governor ladder
[    0.157625] cpuidle: using governor menu
[    0.157625] ACPI: bus type PCI registered
[    0.160002] acpiphp: ACPI Hot Plug PCI Controller Driver version: 0.5
[    0.161061] PCI: Using configuration type 1 for base access
[    0.161917] HugeTLB registered 2.00 MiB page size, pre-allocated 0 pages
[    0.164051] ACPI: Added _OSI(Module Device)
[    0.164867] ACPI: Added _OSI(Processor Device)
[    0.165703] ACPI: Added _OSI(3.0 _SCP Extensions)
[    0.166468] ACPI: Added _OSI(Processor Aggregator Device)
[    0.168002] ACPI: Added _OSI(Linux-Dell-Video)
[    0.168731] ACPI: Added _OSI(Linux-Lenovo-NV-HDMI-Audio)
[    0.169542] ACPI: Added _OSI(Linux-HPI-Hybrid-Graphics)
[    0.170614] ACPI: Executed 1 blocks of module-level executable AML code
[    0.174208] ACPI: Interpreter enabled
[    0.174791] ACPI: (supports S0 S5)
[    0.175322] ACPI: Using IOAPIC for interrupt routing
[    0.176149] PCI: Using host bridge windows from ACPI; if necessary, use "pci=nocrs" and report a bug
[    0.177709] ACPI: Enabled 2 GPEs in block 00 to 07
[    0.183761] ACPI: PCI Root Bridge [PCI0] (domain 0000 [bus 00-ff])
[    0.184005] acpi PNP0A03:00: _OSC: OS supports [ASPM ClockPM Segments MSI]
[    0.185449] acpi PNP0A03:00: _OSC: not requesting OS control; OS requires [ExtendedConfig ASPM ClockPM MSI]
[    0.188008] acpi PNP0A03:00: fail to add MMCONFIG information, can't access extended PCI configuration space under this bridge.
[    0.190031] PCI host bridge to bus 0000:00
[    0.190681] pci_bus 0000:00: root bus resource [io  0x0000-0x0cf7 window]
[    0.192002] pci_bus 0000:00: root bus resource [io  0x0d00-0xffff window]
[    0.193696] pci_bus 0000:00: root bus resource [mem 0x000a0000-0x000bffff window]
[    0.194844] pci_bus 0000:00: root bus resource [mem 0x40000000-0xfdffffff window]
[    0.196002] pci_bus 0000:00: root bus resource [bus 00-ff]
[    0.199017] pci 0000:00:01.1: legacy IDE quirk: reg 0x10: [io  0x01f0-0x01f7]
[    0.200002] pci 0000:00:01.1: legacy IDE quirk: reg 0x14: [io  0x03f6]
[    0.201774] pci 0000:00:01.1: legacy IDE quirk: reg 0x18: [io  0x0170-0x0177]
[    0.203065] pci 0000:00:01.1: legacy IDE quirk: reg 0x1c: [io  0x0376]
[    0.215103] pci 0000:00:07.0: quirk: [io  0x4000-0x403f] claimed by PIIX4 ACPI
[    0.216015] pci 0000:00:07.0: quirk: [io  0x4100-0x410f] claimed by PIIX4 SMB
[    0.225461] ACPI: PCI Interrupt Link [LNKA] (IRQs 5 9 10 *11)
[    0.226967] ACPI: PCI Interrupt Link [LNKB] (IRQs 5 9 *10 11)
[    0.228062] ACPI: PCI Interrupt Link [LNKC] (IRQs 5 *9 10 11)
[    0.229229] ACPI: PCI Interrupt Link [LNKD] (IRQs 5 9 10 *11)
[    0.230689] SCSI subsystem initialized
[    0.231321] pci 0000:00:02.0: vgaarb: setting as boot VGA device
[    0.231321] pci 0000:00:02.0: vgaarb: VGA device added: decodes=io+mem,owns=io+mem,locks=none
[    0.232006] pci 0000:00:02.0: vgaarb: bridge control possible
[    0.232925] vgaarb: loaded
[    0.233392] ACPI: bus type USB registered
[    0.234034] usbcore: registered new interface driver usbfs
[    0.236013] usbcore: registered new interface driver hub
[    0.236841] usbcore: registered new device driver usb
[    0.237655] EDAC MC: Ver: 3.0.0
[    0.237655] PCI: Using ACPI for IRQ routing
[    0.240177] NetLabel: Initializing
[    0.240734] NetLabel:  domain hash size = 128
[    0.241466] NetLabel:  protocols = UNLABELED CIPSOv4 CALIPSO
[    0.242349] NetLabel:  unlabeled traffic allowed by default
[    0.243450] clocksource: Switched to clocksource kvm-clock
[    0.250016] VFS: Disk quotas dquot_6.6.0
[    0.251161] VFS: Dquot-cache hash table entries: 512 (order 0, 4096 bytes)
[    0.252627] AppArmor: AppArmor Filesystem Enabled
[    0.253388] pnp: PnP ACPI init
[    0.254876] pnp: PnP ACPI: found 3 devices
[    0.262997] clocksource: acpi_pm: mask: 0xffffff max_cycles: 0xffffff, max_idle_ns: 2085701024 ns
[    0.264802] NET: Registered protocol family 2
[    0.265607] TCP established hash table entries: 8192 (order: 4, 65536 bytes)
[    0.266713] TCP bind hash table entries: 8192 (order: 5, 131072 bytes)
[    0.268759] TCP: Hash tables configured (established 8192 bind 8192)
[    0.269770] UDP hash table entries: 512 (order: 2, 16384 bytes)
[    0.270664] UDP-Lite hash table entries: 512 (order: 2, 16384 bytes)
[    0.271631] NET: Registered protocol family 1
[    0.272333] pci 0000:00:00.0: Limiting direct PCI/PCI transfers
[    0.273279] pci 0000:00:01.0: Activating ISA DMA hang workarounds
[    0.274242] pci 0000:00:02.0: Video device with shadowed ROM at [mem 0x000c0000-0x000dffff]
[    0.275587] Unpacking initramfs...
[    0.490400] Freeing initrd memory: 19752K
[    0.491451] clocksource: tsc: mask: 0xffffffffffffffff max_cycles: 0x255cb518234, max_idle_ns: 440795279333 ns
[    0.493527] platform rtc_cmos: registered platform RTC device (no PNP device found)
[    0.494913] Scanning for low memory corruption every 60 seconds
[    0.496358] Initialise system trusted keyrings
[    0.497069] Key type blacklist registered
[    0.497790] workingset: timestamp_bits=36 max_order=18 bucket_order=0
[    0.499404] zbud: loaded
[    0.500274] squashfs: version 4.0 (2009/01/31) Phillip Lougher
[    0.501273] fuse init (API version 7.26)
[    0.503605] Key type asymmetric registered
[    0.504256] Asymmetric key parser 'x509' registered
[    0.505011] Block layer SCSI generic (bsg) driver version 0.4 loaded (major 246)
[    0.506171] io scheduler noop registered
[    0.506779] io scheduler deadline registered
[    0.507448] io scheduler cfq registered (default)
[    0.508548] ACPI: AC Adapter [AC] (off-line)
[    0.509236] input: Power Button as /devices/LNXSYSTM:00/LNXPWRBN:00/input/input0
[    0.510404] ACPI: Power Button [PWRF]
[    0.511393] input: Sleep Button as /devices/LNXSYSTM:00/LNXSLPBN:00/input/input1
[    0.512806] ACPI: Sleep Button [SLPF]
[    0.514421] ACPI: Battery Slot [BAT0] (battery present)
[    0.515226] Serial: 8250/16550 driver, 32 ports, IRQ sharing enabled
[    0.537193] 00:02: ttyS0 at I/O 0x3f8 (irq = 4, base_baud = 115200) is a 16550A
[    0.540870] Linux agpgart interface v0.103
[    0.543502] loop: module loaded
[    0.544469] scsi host0: ata_piix
[    0.545094] scsi host1: ata_piix
[    0.545627] ata1: PATA max UDMA/33 cmd 0x1f0 ctl 0x3f6 bmdma 0xd000 irq 14
[    0.546645] ata2: PATA max UDMA/33 cmd 0x170 ctl 0x376 bmdma 0xd008 irq 15
[    0.548227] libphy: Fixed MDIO Bus: probed
[    0.548863] tun: Universal TUN/TAP device driver, 1.6
[    0.549689] PPP generic driver version 2.4.2
[    0.550786] ehci_hcd: USB 2.0 'Enhanced' Host Controller (EHCI) Driver
[    0.552539] ehci-pci: EHCI PCI platform driver
[    0.553539] ehci-platform: EHCI generic platform driver
[    0.554366] ohci_hcd: USB 1.1 'Open' Host Controller (OHCI) Driver
[    0.555324] ohci-pci: OHCI PCI platform driver
[    0.556043] ohci-platform: OHCI generic platform driver
[    0.556934] uhci_hcd: USB Universal Host Controller Interface driver
[    0.557928] i8042: PNP: PS/2 Controller [PNP0303:PS2K,PNP0f03:PS2M] at 0x60,0x64 irq 1,12
[    0.559520] serio: i8042 KBD port at 0x60,0x64 irq 1
[    0.560841] serio: i8042 AUX port at 0x60,0x64 irq 12
[    0.561993] mousedev: PS/2 mouse device common for all mice
[    0.563841] input: AT Translated Set 2 keyboard as /devices/platform/i8042/serio0/input/input2
[    0.565311] rtc_cmos rtc_cmos: rtc core: registered rtc_cmos as rtc0
[    0.566432] rtc_cmos rtc_cmos: alarms up to one day, 114 bytes nvram
[    0.567399] i2c /dev entries driver
[    0.567988] device-mapper: uevent: version 1.0.3
[    0.568888] device-mapper: ioctl: 4.37.0-ioctl (2017-09-20) initialised: dm-devel@redhat.com
[    0.570338] ledtrig-cpu: registered to indicate activity on CPUs
[    0.572329] NET: Registered protocol family 10
[    0.576427] Segment Routing with IPv6
[    0.577229] NET: Registered protocol family 17
[    0.578003] Key type dns_resolver registered
[    0.579035] mce: Using 0 MCE banks
[    0.579607] RAS: Correctable Errors collector initialized.
[    0.580667] sched_clock: Marking stable (580633351, 0)->(724247384, -143614033)
[    0.582591] registered taskstats version 1
[    0.583240] Loading compiled-in X.509 certificates
[    0.586322] Loaded X.509 cert 'Build time autogenerated kernel key: 665cd2b89e03521f57c41865f552ebce30a0c7fb'
[    0.587805] zswap: loaded using pool lzo/zbud
[    0.591274] Key type big_key registered
[    0.592218] Key type trusted registered
[    0.594214] Key type encrypted registered
[    0.594869] AppArmor: AppArmor sha1 policy hashing enabled
[    0.595693] ima: No TPM chip found, activating TPM-bypass! (rc=-19)
[    0.596716] ima: Allocated hash algorithm: sha1
[    0.597517] evm: HMAC attrs: 0x1
[    0.598251]   Magic number: 12:732:73
[    0.598929] acpi PNP8390:00: hash matches
[    0.600050] rtc_cmos rtc_cmos: setting system clock to 2020-03-01 11:04:55 UTC (1583060695)
[    0.601522] BIOS EDD facility v0.16 2004-Jun-25, 0 devices found
[    0.602735] EDD information not available.
[    0.713961] Freeing unused kernel image memory: 2428K
[    0.728025] Write protecting the kernel read-only data: 20480k
[    0.729778] Freeing unused kernel image memory: 2008K
[    0.730860] Freeing unused kernel image memory: 1884K
[    0.736780] x86/mm: Checked W+X mappings: passed, no W+X pages found.
[    0.737833] x86/mm: Checking user space page tables
[    0.743393] x86/mm: Checked W+X mappings: passed, no W+X pages found.
Loading, please wait...
starting version 237
[    0.789746] e1000: Intel(R) PRO/1000 Network Driver - version 7.3.21-k8-NAPI
[    0.791288] e1000: Copyright (c) 1999-2006 Intel Corporation.
[    0.802824] vboxvideo: loading out-of-tree module taints kernel.
[    0.804272] vboxvideo: module verification failed: signature and/or required key missing - tainting kernel
[    0.804285] Fusion MPT base driver 3.04.20
[    0.806351] Copyright (c) 1999-2008 LSI Corporation
[    0.820104] Fusion MPT SPI Host driver 3.04.20
[    0.822653] AVX2 version of gcm_enc/dec engaged.
[    0.823377] AES CTR mode by8 optimization enabled
[    1.014833] input: ImExPS/2 Generic Explorer Mouse as /devices/platform/i8042/serio1/input/input4
[    1.165788] e1000 0000:00:03.0 eth0: (PCI:33MHz:32-bit) 02:39:cc:03:60:4d
[    1.167407] e1000 0000:00:03.0 eth0: Intel(R) PRO/1000 Network Connection
[    1.169335] [drm] VRAM 01000000
[    1.170277] [TTM] Zone  kernel: Available graphics memory: 504318 kiB
[    1.171551] [TTM] Initializing pool allocator
[    1.172305] [TTM] Initializing DMA pool allocator
[    1.174299] fbcon: vboxdrmfb (fb0) is primary device
[    1.175429] Console: switching to colour frame buffer device 100x37
[    1.177853] vboxvideo 0000:00:02.0: fb0: vboxdrmfb frame buffer device
[    1.192353] [drm] Initialized vboxvideo 1.0.0 20130823 for 0000:00:02.0 on minor 0
[    1.195022] mptbase: ioc0: Initiating bringup
[    1.292726] ioc0: LSI53C1030 A0: Capabilities={Initiator}
[    1.534300] scsi host2: ioc0: LSI53C1030 A0, FwRev=00000000h, Ports=1, MaxQ=256, IRQ=20
[    1.701564] scsi 2:0:0:0: Direct-Access     VBOX     HARDDISK         1.0  PQ: 0 ANSI: 5
[    1.728667] scsi target2:0:0: Beginning Domain Validation
[    1.731622] scsi target2:0:0: Domain Validation skipping write tests
[    1.732542] scsi target2:0:0: Ending Domain Validation
[    1.733647] scsi target2:0:0: asynchronous
[    1.734419] scsi 2:0:1:0: Direct-Access     VBOX     HARDDISK         1.0  PQ: 0 ANSI: 5
[    1.948115] scsi target2:0:1: Beginning Domain Validation
[    1.951708] scsi target2:0:1: Domain Validation skipping write tests
[    1.952741] scsi target2:0:1: Ending Domain Validation
[    1.953623] scsi target2:0:1: asynchronous
[    1.956962] sd 2:0:0:0: Attached scsi generic sg0 type 0
[    1.957869] sd 2:0:0:0: [sda] 20971520 512-byte logical blocks: (10.7 GB/10.0 GiB)
[    1.959102] sd 2:0:0:0: [sda] Write Protect is off
[    1.960026] sd 2:0:0:0: [sda] Incomplete mode parameter data
[    1.961054] sd 2:0:0:0: [sda] Assuming drive cache: write through
[    1.962591] random: fast init done
[    1.963265] random: systemd-udevd: uninitialized urandom read (16 bytes read)
[    1.963289] sd 2:0:1:0: [sdb] 20480 512-byte logical blocks: (10.5 MB/10.0 MiB)
[    1.964434] random: systemd-udevd: uninitialized urandom read (16 bytes read)
[    1.965602] sd 2:0:1:0: [sdb] Write Protect is off
[    1.967888] sd 2:0:1:0: [sdb] Incomplete mode parameter data
[    1.968912] sd 2:0:1:0: [sdb] Assuming drive cache: write through
[    1.970136] sd 2:0:1:0: Attached scsi generic sg1 type 0
[    1.971171]  sda: sda1
[    1.972048] random: systemd-udevd: uninitialized urandom read (16 bytes read)
[    1.973966] sd 2:0:0:0: [sda] Attached SCSI disk
[    1.976235] sd 2:0:1:0: [sdb] Attached SCSI disk
[    2.088596] e1000 0000:00:08.0 eth1: (PCI:33MHz:32-bit) 08:00:27:20:5c:6a
[    2.090360] e1000 0000:00:08.0 eth1: Intel(R) PRO/1000 Network Connection
[    2.092745] e1000 0000:00:03.0 enp0s3: renamed from eth0
[    2.108725] e1000 0000:00:08.0 enp0s8: renamed from eth1
Begin: Loading essential drivers ... [    2.248197] raid6: sse2x1   gen() 14496 MB/s
[    2.296577] raid6: sse2x1   xor() 10635 MB/s
[    2.344132] raid6: sse2x2   gen() 16688 MB/s
[    2.392213] raid6: sse2x2   xor() 12129 MB/s
[    2.440118] raid6: sse2x4   gen() 19303 MB/s
[    2.488145] raid6: sse2x4   xor() 12363 MB/s
[    2.536063] raid6: avx2x1   gen() 29020 MB/s
[    2.584212] raid6: avx2x1   xor() 20908 MB/s
[    2.632172] raid6: avx2x2   gen() 35507 MB/s
[    2.680238] raid6: avx2x2   xor() 22817 MB/s
[    2.728163] raid6: avx2x4   gen() 42303 MB/s
[    2.776515] raid6: avx2x4   xor() 24655 MB/s
[    2.777793] raid6: using algorithm avx2x4 gen() 42303 MB/s
[    2.778805] raid6: .... xor() 24655 MB/s, rmw enabled
[    2.779618] raid6: using avx2x2 recovery algorithm
[    2.781787] xor: automatically using best checksumming function   avx       
[    2.784709] async_tx: api initialized (async)
done.
Begin: Running /scripts/init-premount ... done.
Begin: Mounting root file system ... Begin: Running /scripts/local-top ... done.
Begin: Running /scripts/local-premount ... [    2.818343] Btrfs loaded, crc32c=crc32c-intel
Scanning for Btrfs filesystems
done.
Warning: fsck not present, so skipping root file system
[    2.841777] EXT4-fs (sda1): mounted filesystem with ordered data mode. Opts: (null)
done.
Begin: Running /scripts/local-bottom ... done.
Begin: Running /scripts/init-bottom ... done.
[    2.998494] ip_tables: (C) 2000-2006 Netfilter Core Team
[    3.008478] systemd[1]: systemd 237 running in system mode. (+PAM +AUDIT +SELINUX +IMA +APPARMOR +SMACK +SYSVINIT +UTMP +LIBCRYPTSETUP +GCRYPT +GNUTLS +ACL +XZ +LZ4 +SECCOMP +BLKID +ELFUTILS +KMOD -IDN2 +IDN -PCRE2 default-hierarchy=hybrid)
[    3.011940] systemd[1]: Detected virtualization oracle.
[    3.012887] systemd[1]: Detected architecture x86-64.

Welcome to [1mUbuntu 18.04.4 LTS[0m!

[    3.019866] systemd[1]: Set hostname to <ubuntu-bionic>.
[    3.274982] systemd[1]: Started Forward Password Requests to Wall Directory Watch.
[[0;32m  OK  [0m] Started Forward Password Requests to Wall Directory Watch.
[    3.279107] systemd[1]: Created slice System Slice.
[[0;32m  OK  [0m] Created slice System Slice.
[    3.280775] systemd[1]: Listening on Device-mapper event daemon FIFOs.
[[0;32m  OK  [0m] Listening on Device-mapper event daemon FIFOs.
[    3.282788] systemd[1]: Listening on Journal Audit Socket.
[[0;32m  OK  [0m] Listening on Journal Audit Socket.
[    3.284524] systemd[1]: Listening on /dev/initctl Compatibility Named Pipe.
[[0;32m  OK  [0m] Listening on /dev/initctl Compatibility Named Pipe.
[    3.286753] systemd[1]: Created slice system-serial\x2dgetty.slice.
[[0;32m  OK  [0m] Created slice system-serial\x2dgetty.slice.
[[0;32m  OK  [0m] Reached target User and Group Name Lookups.
[[0;32m  OK  [0m] Listening on Network Service Netlink Socket.
[[0;32m  OK  [0m] Listening on Journal Socket (/dev/log).
[[0;32m  OK  [0m] Listening on Journal Socket.
         Starting Create list of required stâ€¦ce nodes for the current kernel...
         Starting Set the console keyboard layout...
         Mounting Kernel Debug File System...
         Starting Uncomplicated firewall...
         Starting Remount Root and Kernel File Systems...
[[0;32m  OK  [0m] Reached target Swap.
[[0;32m  OK  [0m] Listening on udev Kernel Socket.
[    3.333737] EXT4-fs (sda1): re-mounted. Opts: (null)
[[0;32m  OK  [0m] Reached target System Time Synchronized.
         Starting Load Kernel Modules...
[[0;32m  OK  [0m] Listening on Syslog Socket.
         Starting Journal Service...
[[0;32m  OK  [0m] Listening on LVM2 poll daemon socket.
[[0;32m  OK  [0m] Set up automount Arbitrary Executabâ€¦rmats File System Automount Point.
[    3.359986] Loading iSCSI transport class v2.0-870.
[    3.365612] iscsi: registered transport (tcp)
[    3.377575] iscsi: registered transport (iser)
         Mounting Huge Pages File System...
[[0;32m  OK  [0m] Created slice User and Session Slice.
[[0;32m  OK  [0m] Reached target Slices.
[[0;32m  OK  [0m] Listening on LVM2 metadata daemon socket.
         Starting Monitoring of LVM2 mirrorsâ€¦ng dmeventd or progress polling...
[[0;32m  OK  [0m] Listening on udev Control Socket.
         Starting udev Coldplug all Devices...
         Mounting POSIX Message Queue File System...
[[0;32m  OK  [0m] Started Journal Service.
[[0;32m  OK  [0m] Started Create list of required staâ€¦vice nodes for the current kernel.
[[0;32m  OK  [0m] Mounted Kernel Debug File System.
[[0;32m  OK  [0m] Started Uncomplicated firewall.
[[0;32m  OK  [0m] Started Remount Root and Kernel File Systems.
[[0;32m  OK  [0m] Started Load Kernel Modules.
[[0;32m  OK  [0m] Mounted Huge Pages File System.
[[0;32m  OK  [0m] Mounted POSIX Message Queue File System.
         Starting Apply Kernel Variables...
         Mounting Kernel Configuration File System...
         Mounting FUSE Control File System...
         Starting Load/Save Random Seed...
         Starting Create Static Device Nodes in /dev...
         Starting Flush Journal to Persistent Storage...
[[0;32m  OK  [0m] Mounted Kernel Configuration File System.
[[0;32m  OK  [0m] Mounted FUSE Control File System.
[[0;32m  OK  [0m] Started Set the console keyboard layout.
[[0;32m  OK  [0m] Started LVM2 metadata daemon.
[[0;32m  OK  [0m] Started Load/Save Random Seed.
[[0;32m  OK  [0m] Started udev Coldplug all Devices.
[[0;32m  OK  [0m] Started Create Static Device Nodes in /dev.
         Starting udev Kernel Device Manager...
[[0;32m  OK  [0m] Started Apply Kernel Variables.
[[0;32m  OK  [0m] Started Monitoring of LVM2 mirrors,â€¦sing dmeventd or progress polling.
[[0;32m  OK  [0m] Reached target Local File Systems (Pre).
[[0;32m  OK  [0m] Reached target Local File Systems.
         Starting Tell Plymouth To Write Out Runtime Data...
         Starting ebtables ruleset management...
         Starting Set console font and keymap...
         Starting AppArmor initialization...
[[0;32m  OK  [0m] Started udev Kernel Device Manager.
[[0;32m  OK  [0m] Started Dispatch Password Requests to Console Directory Watch.
[[0;32m  OK  [0m] Reached target Local Encrypted Volumes.
[[0;32m  OK  [0m] Started Tell Plymouth To Write Out Runtime Data.
[[0;32m  OK  [0m] Started Set console font and keymap.
[[0;32m  OK  [0m] Started Flush Journal to Persistent Storage.
[[0;32m  OK  [0m] Found device /dev/ttyS0.
         Starting Create Volatile Files and Directories...
[[0;32m  OK  [0m] Started Create Volatile Files and Directories.
         Starting Update UTMP about System Boot/Shutdown...
[[0;32m  OK  [0m] Started ebtables ruleset management.
[[0;32m  OK  [0m] Listening on Load/Save RF Kill Switch Status /dev/rfkill Watch.
[[0;32m  OK  [0m] Started Update UTMP about System Boot/Shutdown.
[[0;32m  OK  [0m] Started AppArmor initialization.
         Starting Initial cloud-init job (pre-networking)...
[    4.811288] cloud-init[596]: Cloud-init v. 19.4-33-gbb4131a2-0ubuntu1~18.04.1 running 'init-local' at Sun, 01 Mar 2020 11:04:59 +0000. Up 4.64 seconds.
[[0;32m  OK  [0m] Started Initial cloud-init job (pre-networking).
[[0;32m  OK  [0m] Reached target Network (Pre).
         Starting Network Service...
[[0;32m  OK  [0m] Started Network Service.
         Starting Network Name Resolution...
         Starting Wait for Network to be Configured...
[[0;32m  OK  [0m] Started Network Name Resolution.
[[0;32m  OK  [0m] Reached target Host and Network Name Lookups.
[[0;32m  OK  [0m] Reached target Network.
[[0;32m  OK  [0m] Started Wait for Network to be Configured.
         Starting Initial cloud-init job (metadata service crawler)...
[    7.185494] cloud-init[720]: Cloud-init v. 19.4-33-gbb4131a2-0ubuntu1~18.04.1 running 'init' at Sun, 01 Mar 2020 11:05:01 +0000. Up 7.08 seconds.
[    7.187265] cloud-init[720]: ci-info: ++++++++++++++++++++++++++++++++++++++Net device info+++++++++++++++++++++++++++++++++++++++
[    7.188842] cloud-init[720]: ci-info: +--------+------+-----------------------------+---------------+--------+-------------------+
[    7.190416] cloud-init[720]: ci-info: | Device |  Up  |           Address           |      Mask     | Scope  |     Hw-Address    |
[    7.191969] cloud-init[720]: ci-info: +--------+------+-----------------------------+---------------+--------+-------------------+
[    7.193535] cloud-init[720]: ci-info: | enp0s3 | True |          10.0.2.15          | 255.255.255.0 | global | 02:39:cc:03:60:4d |
[    7.195103] cloud-init[720]: ci-info: | enp0s3 | True |  fe80::39:ccff:fe03:604d/64 |       .       |  link  | 02:39:cc:03:60:4d |
[    7.196661] cloud-init[720]: ci-info: | enp0s8 | True |        192.168.33.10        | 255.255.255.0 | global | 08:00:27:20:5c:6a |
[    7.208260] cloud-init[720]: ci-info: | enp0s8 | True | fe80::a00:27ff:fe20:5c6a/64 |       .       |  link  | 08:00:27:20:5c:6a |
[    7.209640] cloud-init[720]: ci-info: |   lo   | True |          127.0.0.1          |   255.0.0.0   |  host  |         .         |
[    7.211280] cloud-init[720]: ci-info: |   lo   | True |           ::1/128           |       .       |  host  |         .         |
[    7.212787] cloud-init[720]: ci-info: +--------+------+-----------------------------+---------------+--------+-------------------+
[    7.214291] cloud-init[720]: ci-info: +++++++++++++++++++++++++++++Route IPv4 info+++++++++++++++++++++++++++++
[    7.215590] cloud-init[720]: ci-info: +-------+--------------+----------+-----------------+-----------+-------+
[    7.216893] cloud-init[720]: ci-info: | Route | Destination  | Gateway  |     Genmask     | Interface | Flags |
[    7.228231] cloud-init[720]: ci-info: +-------+--------------+----------+-----------------+-----------+-------+
[    7.240278] cloud-init[720]: ci-info: |   0   |   0.0.0.0    | 10.0.2.2 |     0.0.0.0     |   enp0s3  |   UG  |
[    7.252537] cloud-init[720]: ci-info: |   1   |   10.0.2.0   | 0.0.0.0  |  255.255.255.0  |   enp0s3  |   U   |
[    7.253702] cloud-init[720]: ci-info: |   2   |   10.0.2.2   | 0.0.0.0  | 255.255.255.255 |   enp0s3  |   UH  |
[    7.264126] cloud-init[720]: ci-info: |   3   | 192.168.33.0 | 0.0.0.0  |  255.255.255.0  |   enp0s8  |   U   |
[    7.265550] cloud-init[720]: ci-info: +-------+--------------+----------+-----------------+-----------+-------+
[    7.266968] cloud-init[720]: ci-info: +++++++++++++++++++Route IPv6 info+++++++++++++++++++
[    7.268150] cloud-init[720]: ci-info: +-------+-------------+---------+-----------+-------+
[    7.269322] cloud-init[720]: ci-info: | Route | Destination | Gateway | Interface | Flags |
[    7.270512] cloud-init[720]: ci-info: +-------+-------------+---------+-----------+-------+
[    7.271632] cloud-init[720]: ci-info: |   1   |  fe80::/64  |    ::   |   enp0s8  |   U   |
[    7.274238] cloud-init[720]: ci-info: |   2   |  fe80::/64  |    ::   |   enp0s3  |   U   |
[    7.275311] cloud-init[720]: ci-info: |   4   |    local    |    ::   |   enp0s3  |   U   |
[    7.276398] cloud-init[720]: ci-info: |   5   |    local    |    ::   |   enp0s8  |   U   |
[    7.277458] cloud-init[720]: ci-info: |   6   |   ff00::/8  |    ::   |   enp0s8  |   U   |
[    7.278524] cloud-init[720]: ci-info: |   7   |   ff00::/8  |    ::   |   enp0s3  |   U   |
[    7.279587] cloud-init[720]: ci-info: +-------+-------------+---------+-----------+-------+
[[0;32m  OK  [0m] Started Initial cloud-init job (metadata service crawler).
[[0;32m  OK  [0m] Reached target Cloud-config availability.
[[0;32m  OK  [0m] Reached target System Initialization.
[[0;32m  OK  [0m] Listening on UUID daemon activation socket.
[[0;32m  OK  [0m] Started Daily Cleanup of Temporary Directories.
[[0;32m  OK  [0m] Listening on Open-iSCSI iscsid Socket.
         Starting LXD - unix socket.
[[0;32m  OK  [0m] Started Daily apt download activities.
[[0;32m  OK  [0m] Started Daily apt upgrade and clean activities.
         Starting Socket activation for snappy daemon.
[[0;32m  OK  [0m] Started Message of the Day.
[[0;32m  OK  [0m] Listening on D-Bus System Message Bus Socket.
[[0;32m  OK  [0m] Started ACPI Events Check.
[[0;32m  OK  [0m] Reached target Paths.
[[0;32m  OK  [0m] Started Discard unused blocks once a week.
[[0;32m  OK  [0m] Reached target Timers.
[[0;32m  OK  [0m] Listening on ACPID Listen Socket.
[[0;32m  OK  [0m] Reached target Network is Online.
         Starting Availability of block devices...
[[0;32m  OK  [0m] Reached target Remote File Systems (Pre).
[[0;32m  OK  [0m] Reached target Remote File Systems.
[[0;32m  OK  [0m] Listening on LXD - unix socket.
[[0;32m  OK  [0m] Listening on Socket activation for snappy daemon.
[[0;32m  OK  [0m] Reached target Sockets.
[[0;32m  OK  [0m] Reached target Basic System.
         Starting Permit User Sessions...
         Starting LSB: Record successful boot for GRUB...
[[0;32m  OK  [0m] Started Deferred execution scheduler.
         Starting Accounts Service...
         Starting System Logging Service...
         Starting OpenBSD Secure Shell server...
[[0;32m  OK  [0m] Started FUSE filesystem for LXC.
         Starting LSB: automatic crash report generation...
[[0;32m  OK  [0m] Started Regular background program processing daemon.
[[0;32m  OK  [0m] Started irqbalance daemon.
         Starting vboxadd.service...
[[0;32m  OK  [0m] Started D-Bus System Message Bus.
         Starting Snappy daemon...
         Starting Dispatcher daemon for systemd-networkd...
         Starting LXD - container startup/shutdown...
         Starting Login Service...
[[0;32m  OK  [0m] Started System Logging Service.
[[0;32m  OK  [0m] Started Availability of block devices.
[[0;32m  OK  [0m] Started Permit User Sessions.
[[0;32m  OK  [0m] Started OpenBSD Secure Shell server.
         Starting Authorization Manager...
         Starting Hold until boot process finishes up...
         Starting Terminate Plymouth Boot Screen...
[[0;32m  OK  [0m] Started Hold until boot process finishes up.
[[0;32m  OK  [0m] Started Serial Getty on ttyS0.
         Starting Set console scheme...
[[0;32m  OK  [0m] Started Terminate Plymouth Boot Screen.
[[0;32m  OK  [0m] Started Login Service.
[[0;32m  OK  [0m] Started Unattended Upgrades Shutdown.
[[0;32m  OK  [0m] Started Authorization Manager.
[[0;32m  OK  [0m] Started Accounts Service.
[[0;32m  OK  [0m] Started Set console scheme.
[[0;32m  OK  [0m] Created slice system-getty.slice.
[[0;32m  OK  [0m] Started Getty on tty1.
[[0;32m  OK  [0m] Reached target Login Prompts.
[[0;32m  OK  [0m] Started LSB: automatic crash report generation.
[[0;32m  OK  [0m] Started LXD - container startup/shutdown.
[[0;32m  OK  [0m] Started LSB: Record successful boot for GRUB.
[[0;32m  OK  [0m] Started Dispatcher daemon for systemd-networkd.
[[0;32m  OK  [0m] Started Snappy daemon.
         Starting Wait until snapd is fully seeded...
[[0;32m  OK  [0m] Started Wait until snapd is fully seeded.
         Starting Apply the settings specified in cloud-config...
[[0;32m  OK  [0m] Started vboxadd.service.
         Starting vboxadd-service.service...
[[0;32m  OK  [0m] Started vboxadd-service.service.
[[0;32m  OK  [0m] Reached target Multi-User System.
[[0;32m  OK  [0m] Reached target Graphical Interface.
         Starting Update UTMP about System Runlevel Changes...
[[0;32m  OK  [0m] Started Update UTMP about System Runlevel Changes.
[    9.107637] cloud-init[1170]: Cloud-init v. 19.4-33-gbb4131a2-0ubuntu1~18.04.1 running 'modules:config' at Sun, 01 Mar 2020 11:05:03 +0000. Up 9.03 seconds.
[[0;32m  OK  [0m] Started Apply the settings specified in cloud-config.
         Starting Execute cloud user/final scripts...
[    9.450871] cloud-init[1321]: Cloud-init v. 19.4-33-gbb4131a2-0ubuntu1~18.04.1 running 'modules:final' at Sun, 01 Mar 2020 11:05:04 +0000. Up 9.37 seconds.
[    9.464448] cloud-init[1321]: Cloud-init v. 19.4-33-gbb4131a2-0ubuntu1~18.04.1 finished at Sun, 01 Mar 2020 11:05:04 +0000. Datasource DataSourceNoCloud [seed=/dev/sdb][dsmode=net].  Up 9.44 seconds
[[0;32m  OK  [0m] Started Execute cloud user/final scripts.
[[0;32m  OK  [0m] Reached target Cloud-init target.

Ubuntu 18.04.4 LTS ubuntu-bionic ttyS0

ubuntu-bionic login: [[0;32m  OK  [0m] Closed Load/Save RF Kill Switch Status /dev/rfkill Watch.
[[0;32m  OK  [0m] Stopped target Cloud-init target.
[[0;32m  OK  [0m] Stopped Execute cloud user/final scripts.
[[0;32m  OK  [0m] Stopped target Timers.
[[0;32m  OK  [0m] Stopped Discard unused blocks once a week.
[[0;32m  OK  [0m] Stopped Daily Cleanup of Temporary Directories.
         Stopping Session 3 of user vagrant.
         Stopping Authorization Manager...
[[0;32m  OK  [0m] Stopped Message of the Day.
[[0;32m  OK  [0m] Stopped Daily apt upgrade and clean activities.
[[0;32m  OK  [0m] Stopped Daily apt download activities.
[[0;32m  OK  [0m] Stopped target System Time Synchronized.
[[0;32m  OK  [0m] Stopped target Graphical Interface.
[[0;32m  OK  [0m] Stopped target Multi-User System.
         Stopping FUSE filesystem for LXC...
         Stopping D-Bus System Message Bus...
         Stopping System Logging Service...
         Stopping irqbalance daemon...
         Stopping OpenBSD Secure Shell server...
         Stopping Dispatcher daemon for systemd-networkd...
         Stopping Deferred execution scheduler...
[[0;32m  OK  [0m] Stopped target Login Prompts.
         Stopping Getty on tty1...
         Stopping LSB: Record successful boot for GRUB...
         Stopping Accounts Servi         Stopping Serial Getty on ttyS0...
         Stopping User Manager for UID 1000...
[[0;32m  OK  [0m] Stopped Apply the settings specified in cloud-config.
[[0;32m  OK  [0m] Stopped target Network is Online.
[[0;32m  OK  [0m] Stopped target Cloud-config availability.
[[0;32m  OK  [0m] Stopped Wait until snapd is fully seeded.
[[0;32m  OK  [0m] Stopped target Host and Network Name Lookups.
         Stopping LXD - container startup/shutdown...
         Stopping Unattended Upgrades Shutdown...
         Stopping Regular background program processing daemon...
         Stopping vboxadd-service.service...
         Stopping Availability of block devices...
         Stopping LSB: automatic crash report generation...
[[0;32m  OK  [0m] Unmounted /var/lib/lxcfs.
[[0;32m  OK  [0m] Stopped Deferred execution scheduler.
[[0;32m  OK  [0m] Stopped Accounts Service.
[[0;32m  OK  [0m] Stopped System Logging Service.
[[0;32m  OK  [0m] Stopped Regular background program processing daemon.
[[0;32m  OK  [0m] Stopped irqbalance daemon.
[[0;32m  OK  [0m] Stopped Dispatcher daemon for systemd-networkd.
[[0;32m  OK  [0m] Stopped OpenBSD Secure Shell server.
[[0;32m  OK  [0m] Stopped Authorization Manager.
[[0;32m  OK  [0m] Stopped Serial Getty on ttyS0.
[[0;32m  OK  [0m] Stopped Unattended Upgrades Shutdown.
[[0;32m  OK  [0m] Stopped Getty on tty1.
[[0;32m  OK  [0m] Stopped User Manager for UID 1000.
[[0;32m  OK  [0m] Stopped D-Bus System Message Bus.
[[0;32m  OK  [0m] Stopped vboxadd-service.service.
[[0;32m  OK  [0m] Stopped Availability of block devices.
[[0;32m  OK  [0m] Stopped FUSE filesystem for LXC.
[[0;32m  OK  [0m] Stopped Session 3 of user vagrant.
         Stopping vboxadd.service...
[[0;32m  OK  [0m] Removed slice User Slice of vagrant.
[[0;32m  OK  [0m] Removed slice system-getty.slice.
         Stopping Login Service...
         Stopping Permit User Sessions...
[[0;32m  OK  [0m] Removed slice system-serial\x2dgetty.slice.
[[0;32m  OK  [0m] Unmounted /vagrant.
[[0;32m  OK  [0m] Stopped LXD - container startup/shutdown.
[[0;32m  OK  [0m] Stopped vboxadd.service.
[[0;32m  OK  [0m] Stopped Permit User Sessions.
[[0;32m  OK  [0m] Stopped target Network.
         Stopping Network Name Resolution...
[[0;32m  OK  [0m] Stopped LSB: Record successful boot for GRUB.
[[0;32m  OK  [0m] Stopped LSB: automatic crash report generation.
[[0;32m  OK  [0m] Stopped Login Service.
[[0;32m  OK  [0m] Stopped Network Name Resolution.
         Stopping Network Service...
[[0;32m  OK  [0m] Stopped target User and Group Name Lookups.
[[0;32m  OK  [0m] Stopped target Remote File Systems.
[[0;32m  OK  [0m] Stopped target Remote File Systems (Pre).
[[0;32m  OK  [0m] Stopped target Basic System.
[[0;32m  OK  [0m] Stopped target Paths.
[[0;32m  OK  [0m] Stopped ACPI Events Check.
[[0;32m  OK  [0m] Stopped target Slices.
[[0;32m  OK  [0m] Removed slice User and Session Slice.
[[0;32m  OK  [0m] Stopped target Sockets.
[[0;32m  OK  [0m] Closed Socket activation for snappy daemon.
[[0;32m  OK  [0m] Closed Syslog Socket.
[[0;32m  OK  [0m] Closed D-Bus System Message Bus Socket.
[[0;32m  OK  [0m] Closed ACPID Listen Socket.
[[0;32m  OK  [0m] Closed Open-iSCSI iscsid Socket.
[[0;32m  OK  [0m] Closed LXD - unix socket.
[[0;32m  OK  [0m] Closed UUID daemon activation socket.
[[0;32m  OK  [0m] Stopped target System Initialization.
         Stopping Load/Save Random Seed...
[[0;32m  OK  [0m] Stopped target Local Encrypted Volumes.
[[0;32m  OK  [0m] Stopped Dispatch Password Requests to Console Directory Watch.
[[0;32m  OK  [0m] Stopped Forward Password Requests to Wall Directory Watch.
[[0;32m  OK  [0m] Stopped Initial cloud-init job (metadata service crawler).
         Stopping Update UTMP about System Boot/Shutdown...
[[0;32m  OK  [0m] Stopped Network Service.
[[0;32m  OK  [0m] Stopped Load/Save Random Seed.
[[0;32m  OK  [0m] Stopped target Network (Pre).
[[0;32m  OK  [0m] Stopped Initial cloud-init job (pre-networking).
[[0;32m  OK  [0m] Stopped Apply Kernel Variables.
[[0;32m  OK  [0m] Stopped Load Kernel Modules.
[[0;32m  OK  [0m] Stopped Update UTMP about System Boot/Shutdown.
[[0;32m  OK  [0m] Stopped Create Volatile Files and Directories.
[[0;32m  OK  [0m] Stopped target Local File Systems.
         Unmounting /run/user/1000...
[[0;32m  OK  [0m] Unmounted /run/user/1000.
[[0;32m  OK  [0m] Reached target Unmount All Filesystems.
[[0;32m  OK  [0m] Stopped target Swap.
[[0;32m  OK  [0m] Stopped target Local File Systems (Pre).
         Stopping Monitoring of LVM2 mirrorsâ€¦ng dmeventd or progress polling...
[[0;32m  OK  [0m] Stopped Create Static Device Nodes in /dev.
[[0;32m  OK  [0m] Stopped Remount Root and Kernel File Systems.
[[0;32m  OK  [0m] Reached target Shutdown.
[[0;32m  OK  [0m] Reached target Final Step.
         Starting Power-Off...
[[0;32m  OK  [0m] Stopped Monitoring of LVM2 mirrors,â€¦sing dmeventd or progress polling.
         Stopping LVM2 metadata daemon...
[[0;32m  OK  [0m] Stopped LVM2 metadata daemon.
[   98.446783] reboot: Power down
